Creating test database for alias 'default'...
System.Management.Automation.RemoteException
D:\Projects\Art-Scape\.venv\Lib\site-packages\django\core\handlers\base.py:62: UserWarning: No directory at: D:\Projects\Art-Scape\staticfiles\
  mw_instance = middleware(adapted_handler)
....EE....E
======================================================================
ERROR: test_checkout_invalid_file_extension (shop.tests.ShopTests.test_checkout_invalid_file_extension)
----------------------------------------------------------------------
Traceback (most recent call last):
  File "D:\Projects\Art-Scape\shop\tests.py", line 224, in test_checkout_invalid_file_extension
    response = self.client.post(reverse('checkout'), {
        'name': 'Test User',
    ...<3 lines>...
        'custom_voice': malicious_file
    })
  File "D:\Projects\Art-Scape\.venv\Lib\site-packages\django\test\client.py", line 1156, in post
    response = super().post(
        path,
    ...<5 lines>...
        **extra,
    )
  File "D:\Projects\Art-Scape\.venv\Lib\site-packages\django\test\client.py", line 499, in post
    return self.generic(
           ~~~~~~~~~~~~^
        "POST",
        ^^^^^^^
    ...<6 lines>...
        **extra,
        ^^^^^^^^
    )
    ^
  File "D:\Projects\Art-Scape\.venv\Lib\site-packages\django\test\client.py", line 671, in generic
    return self.request(**r)
           ~~~~~~~~~~~~^^^^^
  File "D:\Projects\Art-Scape\.venv\Lib\site-packages\django\test\client.py", line 1090, in request
    self.check_exception(response)
    ~~~~~~~~~~~~~~~~~~~~^^^^^^^^^^
  File "D:\Projects\Art-Scape\.venv\Lib\site-packages\django\test\client.py", line 805, in check_exception
    raise exc_value
  File "D:\Projects\Art-Scape\.venv\Lib\site-packages\django\core\handlers\exception.py", line 55, in inner
    response = get_response(request)
  File "D:\Projects\Art-Scape\.venv\Lib\site-packages\django\core\handlers\base.py", line 198, in _get_response
    response = wrapped_callback(request, *callback_args, **callback_kwargs)
  File "D:\Projects\Art-Scape\.venv\Lib\site-packages\django\contrib\auth\decorators.py", line 59, in _view_wrapper
    return view_func(request, *args, **kwargs)
  File "D:\Projects\Art-Scape\shop\views.py", line 316, in checkout
    return render(request, 'shop/checkout.html', {
        'cart_items': cart_items,
    ...<2 lines>...
        'address': address
    })
  File "D:\Projects\Art-Scape\.venv\Lib\site-packages\django\shortcuts.py", line 25, in render
    content = loader.render_to_string(template_name, context, request, using=using)
  File "D:\Projects\Art-Scape\.venv\Lib\site-packages\django\template\loader.py", line 62, in render_to_string
    return template.render(context, request)
           ~~~~~~~~~~~~~~~^^^^^^^^^^^^^^^^^^
  File "D:\Projects\Art-Scape\.venv\Lib\site-packages\django\template\backends\django.py", line 107, in render
    return self.template.render(context)
           ~~~~~~~~~~~~~~~~~~~~^^^^^^^^^
  File "D:\Projects\Art-Scape\.venv\Lib\site-packages\django\template\base.py", line 174, in render
    return self._render(context)
           ~~~~~~~~~~~~^^^^^^^^^
  File "D:\Projects\Art-Scape\.venv\Lib\site-packages\django\test\utils.py", line 114, in instrumented_test_render
    return self.nodelist.render(context)
           ~~~~~~~~~~~~~~~~~~~~^^^^^^^^^
  File "D:\Projects\Art-Scape\.venv\Lib\site-packages\django\template\base.py", line 1091, in render
    return SafeString("".join([node.render_annotated(context) for node in self]))
                               ~~~~~~~~~~~~~~~~~~~~~^^^^^^^^^
  File "D:\Projects\Art-Scape\.venv\Lib\site-packages\django\template\base.py", line 1052, in render_annotated
    return self.render(context)
           ~~~~~~~~~~~^^^^^^^^^
  File "D:\Projects\Art-Scape\.venv\Lib\site-packages\django\template\loader_tags.py", line 160, in render
    return compiled_parent._render(context)
           ~~~~~~~~~~~~~~~~~~~~~~~^^^^^^^^^
  File "D:\Projects\Art-Scape\.venv\Lib\site-packages\django\test\utils.py", line 114, in instrumented_test_render
    return self.nodelist.render(context)
           ~~~~~~~~~~~~~~~~~~~~^^^^^^^^^
  File "D:\Projects\Art-Scape\.venv\Lib\site-packages\django\template\base.py", line 1091, in render
    return SafeString("".join([node.render_annotated(context) for node in self]))
                               ~~~~~~~~~~~~~~~~~~~~~^^^^^^^^^
  File "D:\Projects\Art-Scape\.venv\Lib\site-packages\django\template\base.py", line 1052, in render_annotated
    return self.render(context)
           ~~~~~~~~~~~^^^^^^^^^
  File "D:\Projects\Art-Scape\.venv\Lib\site-packages\django\templatetags\static.py", line 116, in render
    url = self.url(context)
  File "D:\Projects\Art-Scape\.venv\Lib\site-packages\django\templatetags\static.py", line 113, in url
    return self.handle_simple(path)
           ~~~~~~~~~~~~~~~~~~^^^^^^
  File "D:\Projects\Art-Scape\.venv\Lib\site-packages\django\templatetags\static.py", line 129, in handle_simple
    return staticfiles_storage.url(path)
           ~~~~~~~~~~~~~~~~~~~~~~~^^^^^^
  File "D:\Projects\Art-Scape\.venv\Lib\site-packages\django\contrib\staticfiles\storage.py", line 205, in url
    return self._url(self.stored_name, name, force)
           ~~~~~~~~~^^^^^^^^^^^^^^^^^^^^^^^^^^^^^^^
  File "D:\Projects\Art-Scape\.venv\Lib\site-packages\django\contrib\staticfiles\storage.py", line 184, in _url
    hashed_name = hashed_name_func(*args)
  File "D:\Projects\Art-Scape\.venv\Lib\site-packages\django\contrib\staticfiles\storage.py", line 524, in stored_name
    raise ValueError(
        "Missing staticfiles manifest entry for '%s'" % clean_name
    )
ValueError: Missing staticfiles manifest entry for 'shop/style.css'
System.Management.Automation.RemoteException
======================================================================
ERROR: test_home_view (shop.tests.ShopTests.test_home_view)
----------------------------------------------------------------------
Traceback (most recent call last):
  File "D:\Projects\Art-Scape\shop\tests.py", line 36, in test_home_view
    response = self.client.get(reverse('home'))
  File "D:\Projects\Art-Scape\.venv\Lib\site-packages\django\test\client.py", line 1127, in get
    response = super().get(
        path,
    ...<4 lines>...
        **extra,
    )
  File "D:\Projects\Art-Scape\.venv\Lib\site-packages\django\test\client.py", line 475, in get
    return self.generic(
           ~~~~~~~~~~~~^
        "GET",
        ^^^^^^
    ...<4 lines>...
        **extra,
        ^^^^^^^^
    )
    ^
  File "D:\Projects\Art-Scape\.venv\Lib\site-packages\django\test\client.py", line 671, in generic
    return self.request(**r)
           ~~~~~~~~~~~~^^^^^
  File "D:\Projects\Art-Scape\.venv\Lib\site-packages\django\test\client.py", line 1090, in request
    self.check_exception(response)
    ~~~~~~~~~~~~~~~~~~~~^^^^^^^^^^
  File "D:\Projects\Art-Scape\.venv\Lib\site-packages\django\test\client.py", line 805, in check_exception
    raise exc_value
  File "D:\Projects\Art-Scape\.venv\Lib\site-packages\django\core\handlers\exception.py", line 55, in inner
    response = get_response(request)
  File "D:\Projects\Art-Scape\.venv\Lib\site-packages\django\core\handlers\base.py", line 198, in _get_response
    response = wrapped_callback(request, *callback_args, **callback_kwargs)
  File "D:\Projects\Art-Scape\shop\views.py", line 45, in home
    return render(request, 'shop/home.html', {
        'products': products,
        'categories': categories,
        'selected_category': category
    })
  File "D:\Projects\Art-Scape\.venv\Lib\site-packages\django\shortcuts.py", line 25, in render
    content = loader.render_to_string(template_name, context, request, using=using)
  File "D:\Projects\Art-Scape\.venv\Lib\site-packages\django\template\loader.py", line 62, in render_to_string
    return template.render(context, request)
           ~~~~~~~~~~~~~~~^^^^^^^^^^^^^^^^^^
  File "D:\Projects\Art-Scape\.venv\Lib\site-packages\django\template\backends\django.py", line 107, in render
    return self.template.render(context)
           ~~~~~~~~~~~~~~~~~~~~^^^^^^^^^
  File "D:\Projects\Art-Scape\.venv\Lib\site-packages\django\template\base.py", line 174, in render
    return self._render(context)
           ~~~~~~~~~~~~^^^^^^^^^
  File "D:\Projects\Art-Scape\.venv\Lib\site-packages\django\test\utils.py", line 114, in instrumented_test_render
    return self.nodelist.render(context)
           ~~~~~~~~~~~~~~~~~~~~^^^^^^^^^
  File "D:\Projects\Art-Scape\.venv\Lib\site-packages\django\template\base.py", line 1091, in render
    return SafeString("".join([node.render_annotated(context) for node in self]))
                               ~~~~~~~~~~~~~~~~~~~~~^^^^^^^^^
  File "D:\Projects\Art-Scape\.venv\Lib\site-packages\django\template\base.py", line 1052, in render_annotated
    return self.render(context)
           ~~~~~~~~~~~^^^^^^^^^
  File "D:\Projects\Art-Scape\.venv\Lib\site-packages\django\template\loader_tags.py", line 160, in render
    return compiled_parent._render(context)
           ~~~~~~~~~~~~~~~~~~~~~~~^^^^^^^^^
  File "D:\Projects\Art-Scape\.venv\Lib\site-packages\django\test\utils.py", line 114, in instrumented_test_render
    return self.nodelist.render(context)
           ~~~~~~~~~~~~~~~~~~~~^^^^^^^^^
  File "D:\Projects\Art-Scape\.venv\Lib\site-packages\django\template\base.py", line 1091, in render
    return SafeString("".join([node.render_annotated(context) for node in self]))
                               ~~~~~~~~~~~~~~~~~~~~~^^^^^^^^^
  File "D:\Projects\Art-Scape\.venv\Lib\site-packages\django\template\base.py", line 1052, in render_annotated
    return self.render(context)
           ~~~~~~~~~~~^^^^^^^^^
  File "D:\Projects\Art-Scape\.venv\Lib\site-packages\django\templatetags\static.py", line 116, in render
    url = self.url(context)
  File "D:\Projects\Art-Scape\.venv\Lib\site-packages\django\templatetags\static.py", line 113, in url
    return self.handle_simple(path)
           ~~~~~~~~~~~~~~~~~~^^^^^^
  File "D:\Projects\Art-Scape\.venv\Lib\site-packages\django\templatetags\static.py", line 129, in handle_simple
Found 11 test(s).
System check identified no issues (0 silenced).

=========================================
[SMS SIMULATION] Dispatching to 12345:
Your payment of INR 100.00 for Order #1 has been validated! We are starting work on your order.
=========================================

    return staticfiles_storage.url(path)
           ~~~~~~~~~~~~~~~~~~~~~~~^^^^^^
  File "D:\Projects\Art-Scape\.venv\Lib\site-packages\django\contrib\staticfiles\storage.py", line 205, in url
    return self._url(self.stored_name, name, force)
           ~~~~~~~~~^^^^^^^^^^^^^^^^^^^^^^^^^^^^^^^
  File "D:\Projects\Art-Scape\.venv\Lib\site-packages\django\contrib\staticfiles\storage.py", line 184, in _url
    hashed_name = hashed_name_func(*args)
  File "D:\Projects\Art-Scape\.venv\Lib\site-packages\django\contrib\staticfiles\storage.py", line 524, in stored_name
    raise ValueError(
        "Missing staticfiles manifest entry for '%s'" % clean_name
    )
ValueError: Missing staticfiles manifest entry for 'shop/style.css'
System.Management.Automation.RemoteException
======================================================================
ERROR: test_product_detail_view (shop.tests.ShopTests.test_product_detail_view)
----------------------------------------------------------------------
Traceback (most recent call last):
  File "D:\Projects\Art-Scape\shop\tests.py", line 50, in test_product_detail_view
    response = self.client.get(reverse('product_detail', args=[self.product1.id]))
  File "D:\Projects\Art-Scape\.venv\Lib\site-packages\django\test\client.py", line 1127, in get
    response = super().get(
        path,
    ...<4 lines>...
        **extra,
    )
  File "D:\Projects\Art-Scape\.venv\Lib\site-packages\django\test\client.py", line 475, in get
    return self.generic(
           ~~~~~~~~~~~~^
        "GET",
        ^^^^^^
    ...<4 lines>...
        **extra,
        ^^^^^^^^
    )
    ^
  File "D:\Projects\Art-Scape\.venv\Lib\site-packages\django\test\client.py", line 671, in generic
    return self.request(**r)
           ~~~~~~~~~~~~^^^^^
  File "D:\Projects\Art-Scape\.venv\Lib\site-packages\django\test\client.py", line 1090, in request
    self.check_exception(response)
    ~~~~~~~~~~~~~~~~~~~~^^^^^^^^^^
  File "D:\Projects\Art-Scape\.venv\Lib\site-packages\django\test\client.py", line 805, in check_exception
    raise exc_value
  File "D:\Projects\Art-Scape\.venv\Lib\site-packages\django\core\handlers\exception.py", line 55, in inner
    response = get_response(request)
  File "D:\Projects\Art-Scape\.venv\Lib\site-packages\django\core\handlers\base.py", line 198, in _get_response
    response = wrapped_callback(request, *callback_args, **callback_kwargs)
  File "D:\Projects\Art-Scape\shop\views.py", line 53, in product_detail
    return render(request, 'shop/product_detail.html', {'product': product})
  File "D:\Projects\Art-Scape\.venv\Lib\site-packages\django\shortcuts.py", line 25, in render
    content = loader.render_to_string(template_name, context, request, using=using)
  File "D:\Projects\Art-Scape\.venv\Lib\site-packages\django\template\loader.py", line 62, in render_to_string
    return template.render(context, request)
           ~~~~~~~~~~~~~~~^^^^^^^^^^^^^^^^^^
  File "D:\Projects\Art-Scape\.venv\Lib\site-packages\django\template\backends\django.py", line 107, in render
    return self.template.render(context)
           ~~~~~~~~~~~~~~~~~~~~^^^^^^^^^
  File "D:\Projects\Art-Scape\.venv\Lib\site-packages\django\template\base.py", line 174, in render
    return self._render(context)
           ~~~~~~~~~~~~^^^^^^^^^
  File "D:\Projects\Art-Scape\.venv\Lib\site-packages\django\test\utils.py", line 114, in instrumented_test_render
    return self.nodelist.render(context)
           ~~~~~~~~~~~~~~~~~~~~^^^^^^^^^
  File "D:\Projects\Art-Scape\.venv\Lib\site-packages\django\template\base.py", line 1091, in render
    return SafeString("".join([node.render_annotated(context) for node in self]))
                               ~~~~~~~~~~~~~~~~~~~~~^^^^^^^^^
  File "D:\Projects\Art-Scape\.venv\Lib\site-packages\django\template\base.py", line 1052, in render_annotated
    return self.render(context)
           ~~~~~~~~~~~^^^^^^^^^
  File "D:\Projects\Art-Scape\.venv\Lib\site-packages\django\template\loader_tags.py", line 160, in render
    return compiled_parent._render(context)
           ~~~~~~~~~~~~~~~~~~~~~~~^^^^^^^^^
  File "D:\Projects\Art-Scape\.venv\Lib\site-packages\django\test\utils.py", line 114, in instrumented_test_render
    return self.nodelist.render(context)
           ~~~~~~~~~~~~~~~~~~~~^^^^^^^^^
  File "D:\Projects\Art-Scape\.venv\Lib\site-packages\django\template\base.py", line 1091, in render
    return SafeString("".join([node.render_annotated(context) for node in self]))
                               ~~~~~~~~~~~~~~~~~~~~~^^^^^^^^^
  File "D:\Projects\Art-Scape\.venv\Lib\site-packages\django\template\base.py", line 1052, in render_annotated
    return self.render(context)
           ~~~~~~~~~~~^^^^^^^^^
  File "D:\Projects\Art-Scape\.venv\Lib\site-packages\django\templatetags\static.py", line 116, in render
    url = self.url(context)
  File "D:\Projects\Art-Scape\.venv\Lib\site-packages\django\templatetags\static.py", line 113, in url
    return self.handle_simple(path)
           ~~~~~~~~~~~~~~~~~~^^^^^^
  File "D:\Projects\Art-Scape\.venv\Lib\site-packages\django\templatetags\static.py", line 129, in handle_simple
    return staticfiles_storage.url(path)
           ~~~~~~~~~~~~~~~~~~~~~~~^^^^^^
  File "D:\Projects\Art-Scape\.venv\Lib\site-packages\django\contrib\staticfiles\storage.py", line 205, in url
    return self._url(self.stored_name, name, force)
           ~~~~~~~~~^^^^^^^^^^^^^^^^^^^^^^^^^^^^^^^
  File "D:\Projects\Art-Scape\.venv\Lib\site-packages\django\contrib\staticfiles\storage.py", line 184, in _url
    hashed_name = hashed_name_func(*args)
  File "D:\Projects\Art-Scape\.venv\Lib\site-packages\django\contrib\staticfiles\storage.py", line 524, in stored_name
    raise ValueError(
        "Missing staticfiles manifest entry for '%s'" % clean_name
    )
ValueError: Missing staticfiles manifest entry for 'shop/style.css'
System.Management.Automation.RemoteException
----------------------------------------------------------------------
Ran 11 tests in 16.828s
System.Management.Automation.RemoteException
FAILED (errors=3)
Destroying test database for alias 'default'...
System.Management.Automation.RemoteException
