Creating test database for alias 'default'...
EEEEEEEEEEE
======================================================================
ERROR: test_admin_mark_order_paid (shop.tests.ShopTests.test_admin_mark_order_paid)
----------------------------------------------------------------------
Traceback (most recent call last):
  File "D:\Projects\Art-Scape\shop\tests.py", line 194, in test_admin_mark_order_paid
    response = self.client.post(reverse('admin_dashboard'), {
        'mark_paid': '1',
        'order_id': order.id
    })
  File "C:\Users\Anup\AppData\Local\Programs\Python\Python314\Lib\site-packages\django\test\client.py", line 1156, in post
    response = super().post(
        path,
    ...<5 lines>...
        **extra,
    )
  File "C:\Users\Anup\AppData\Local\Programs\Python\Python314\Lib\site-packages\django\test\client.py", line 499, in post
    return self.generic(
           ~~~~~~~~~~~~^
        "POST",
        ^^^^^^^
    ...<6 lines>...
        **extra,
        ^^^^^^^^
    )
    ^
  File "C:\Users\Anup\AppData\Local\Programs\Python\Python314\Lib\site-packages\django\test\client.py", line 671, in generic
    return self.request(**r)
           ~~~~~~~~~~~~^^^^^
  File "C:\Users\Anup\AppData\Local\Programs\Python\Python314\Lib\site-packages\django\test\client.py", line 1085, in request
    response = self.handler(environ)
  File "C:\Users\Anup\AppData\Local\Programs\Python\Python314\Lib\site-packages\django\test\client.py", line 173, in __call__
    self.load_middleware()
    ~~~~~~~~~~~~~~~~~~~~^^
  File "C:\Users\Anup\AppData\Local\Programs\Python\Python314\Lib\site-packages\django\core\handlers\base.py", line 41, in load_middleware
    middleware = import_string(middleware_path)
  File "C:\Users\Anup\AppData\Local\Programs\Python\Python314\Lib\site-packages\django\utils\module_loading.py", line 30, in import_string
    return cached_import(module_path, class_name)
  File "C:\Users\Anup\AppData\Local\Programs\Python\Python314\Lib\site-packages\django\utils\module_loading.py", line 15, in cached_import
    module = import_module(module_path)
  File "C:\Users\Anup\AppData\Local\Programs\Python\Python314\Lib\importlib\__init__.py", line 88, in import_module
    return _bootstrap._gcd_import(name[level:], package, level)
           ~~~~~~~~~~~~~~~~~~~~~~^^^^^^^^^^^^^^^^^^^^^^^^^^^^^^
  File "<frozen importlib._bootstrap>", line 1398, in _gcd_import
  File "<frozen importlib._bootstrap>", line 1371, in _find_and_load
  File "<frozen importlib._bootstrap>", line 1314, in _find_and_load_unlocked
  File "<frozen importlib._bootstrap>", line 491, in _call_with_frames_removed
  File "<frozen importlib._bootstrap>", line 1398, in _gcd_import
  File "<frozen importlib._bootstrap>", line 1371, in _find_and_load
  File "<frozen importlib._bootstrap>", line 1335, in _find_and_load_unlocked
ModuleNotFoundError: No module named 'whitenoise'

======================================================================
ERROR: test_cart_operations (shop.tests.ShopTests.test_cart_operations)
----------------------------------------------------------------------
Traceback (most recent call last):
  File "D:\Projects\Art-Scape\shop\tests.py", line 60, in test_cart_operations
    response = self.client.post(reverse('add_to_cart', args=[self.product1.id]), {'quantity': 2})
  File "C:\Users\Anup\AppData\Local\Programs\Python\Python314\Lib\site-packages\django\test\client.py", line 1156, in post
    response = super().post(
        path,
    ...<5 lines>...
        **extra,
    )
  File "C:\Users\Anup\AppData\Local\Programs\Python\Python314\Lib\site-packages\django\test\client.py", line 499, in post
    return self.generic(
           ~~~~~~~~~~~~^
        "POST",
        ^^^^^^^
    ...<6 lines>...
        **extra,
        ^^^^^^^^
    )
    ^
  File "C:\Users\Anup\AppData\Local\Programs\Python\Python314\Lib\site-packages\django\test\client.py", line 671, in generic
    return self.request(**r)
           ~~~~~~~~~~~~^^^^^
  File "C:\Users\Anup\AppData\Local\Programs\Python\Python314\Lib\site-packages\django\test\client.py", line 1085, in request
    response = self.handler(environ)
  File "C:\Users\Anup\AppData\Local\Programs\Python\Python314\Lib\site-packages\django\test\client.py", line 173, in __call__
    self.load_middleware()
    ~~~~~~~~~~~~~~~~~~~~^^
  File "C:\Users\Anup\AppData\Local\Programs\Python\Python314\Lib\site-packages\django\core\handlers\base.py", line 41, in load_middleware
    middleware = import_string(middleware_path)
  File "C:\Users\Anup\AppData\Local\Programs\Python\Python314\Lib\site-packages\django\utils\module_loading.py", line 30, in import_string
    return cached_import(module_path, class_name)
  File "C:\Users\Anup\AppData\Local\Programs\Python\Python314\Lib\site-packages\django\utils\module_loading.py", line 15, in cached_import
    module = import_module(module_path)
  File "C:\Users\Anup\AppData\Local\Programs\Python\Python314\Lib\importlib\__init__.py", line 88, in import_module
    return _bootstrap._gcd_import(name[level:], package, level)
           ~~~~~~~~~~~~~~~~~~~~~~^^^^^^^^^^^^^^^^^^^^^^^^^^^^^^
  File "<frozen importlib._bootstrap>", line 1398, in _gcd_import
  File "<frozen importlib._bootstrap>", line 1371, in _find_and_load
  File "<frozen importlib._bootstrap>", line 1314, in _find_and_load_unlocked
  File "<frozen importlib._bootstrap>", line 491, in _call_with_frames_removed
  File "<frozen importlib._bootstrap>", line 1398, in _gcd_import
  File "<frozen importlib._bootstrap>", line 1371, in _find_and_load
  File "<frozen importlib._bootstrap>", line 1335, in _find_and_load_unlocked
ModuleNotFoundError: No module named 'whitenoise'

======================================================================
ERROR: test_chat_invalid_file_size (shop.tests.ShopTests.test_chat_invalid_file_size)
----------------------------------------------------------------------
Traceback (most recent call last):
  File "D:\Projects\Art-Scape\shop\tests.py", line 242, in test_chat_invalid_file_size
    response = self.client.post(reverse('chat'), {
        'content': 'Check this file out',
        'attachment': huge_file
    })
  File "C:\Users\Anup\AppData\Local\Programs\Python\Python314\Lib\site-packages\django\test\client.py", line 1156, in post
    response = super().post(
        path,
    ...<5 lines>...
        **extra,
    )
  File "C:\Users\Anup\AppData\Local\Programs\Python\Python314\Lib\site-packages\django\test\client.py", line 499, in post
    return self.generic(
           ~~~~~~~~~~~~^
        "POST",
        ^^^^^^^
    ...<6 lines>...
        **extra,
        ^^^^^^^^
    )
    ^
  File "C:\Users\Anup\AppData\Local\Programs\Python\Python314\Lib\site-packages\django\test\client.py", line 671, in generic
    return self.request(**r)
           ~~~~~~~~~~~~^^^^^
  File "C:\Users\Anup\AppData\Local\Programs\Python\Python314\Lib\site-packages\django\test\client.py", line 1085, in request
    response = self.handler(environ)
  File "C:\Users\Anup\AppData\Local\Programs\Python\Python314\Lib\site-packages\django\test\client.py", line 173, in __call__
    self.load_middleware()
    ~~~~~~~~~~~~~~~~~~~~^^
  File "C:\Users\Anup\AppData\Local\Programs\Python\Python314\Lib\site-packages\django\core\handlers\base.py", line 41, in load_middleware
    middleware = import_string(middleware_path)
  File "C:\Users\Anup\AppData\Local\Programs\Python\Python314\Lib\site-packages\django\utils\module_loading.py", line 30, in import_string
    return cached_import(module_path, class_name)
  File "C:\Users\Anup\AppData\Local\Programs\Python\Python314\Lib\site-packages\django\utils\module_loading.py", line 15, in cached_import
    module = import_module(module_path)
  File "C:\Users\Anup\AppData\Local\Programs\Python\Python314\Lib\importlib\__init__.py", line 88, in import_module
    return _bootstrap._gcd_import(name[level:], package, level)
           ~~~~~~~~~~~~~~~~~~~~~~^^^^^^^^^^^^^^^^^^^^^^^^^^^^^^
  File "<frozen importlib._bootstrap>", line 1398, in _gcd_import
  File "<frozen importlib._bootstrap>", line 1371, in _find_and_load
  File "<frozen importlib._bootstrap>", line 1314, in _find_and_load_unlocked
  File "<frozen importlib._bootstrap>", line 491, in _call_with_frames_removed
  File "<frozen importlib._bootstrap>", line 1398, in _gcd_import
  File "<frozen importlib._bootstrap>", line 1371, in _find_and_load
  File "<frozen importlib._bootstrap>", line 1335, in _find_and_load_unlocked
ModuleNotFoundError: No module named 'whitenoise'

======================================================================
ERROR: test_checkout_empty_cart (shop.tests.ShopTests.test_checkout_empty_cart)
----------------------------------------------------------------------
Traceback (most recent call last):
  File "D:\Projects\Art-Scape\shop\tests.py", line 88, in test_checkout_empty_cart
    response = self.client.get(reverse('checkout'))
  File "C:\Users\Anup\AppData\Local\Programs\Python\Python314\Lib\site-packages\django\test\client.py", line 1127, in get
    response = super().get(
        path,
    ...<4 lines>...
        **extra,
    )
  File "C:\Users\Anup\AppData\Local\Programs\Python\Python314\Lib\site-packages\django\test\client.py", line 475, in get
    return self.generic(
           ~~~~~~~~~~~~^
        "GET",
        ^^^^^^
    ...<4 lines>...
        **extra,
        ^^^^^^^^
    )
    ^
  File "C:\Users\Anup\AppData\Local\Programs\Python\Python314\Lib\site-packages\django\test\client.py", line 671, in generic
    return self.request(**r)
           ~~~~~~~~~~~~^^^^^
  File "C:\Users\Anup\AppData\Local\Programs\Python\Python314\Lib\site-packages\django\test\client.py", line 1085, in request
    response = self.handler(environ)
  File "C:\Users\Anup\AppData\Local\Programs\Python\Python314\Lib\site-packages\django\test\client.py", line 173, in __call__
    self.load_middleware()
    ~~~~~~~~~~~~~~~~~~~~^^
  File "C:\Users\Anup\AppData\Local\Programs\Python\Python314\Lib\site-packages\django\core\handlers\base.py", line 41, in load_middleware
    middleware = import_string(middleware_path)
  File "C:\Users\Anup\AppData\Local\Programs\Python\Python314\Lib\site-packages\django\utils\module_loading.py", line 30, in import_string
    return cached_import(module_path, class_name)
  File "C:\Users\Anup\AppData\Local\Programs\Python\Python314\Lib\site-packages\django\utils\module_loading.py", line 15, in cached_import
    module = import_module(module_path)
  File "C:\Users\Anup\AppData\Local\Programs\Python\Python314\Lib\importlib\__init__.py", line 88, in import_module
    return _bootstrap._gcd_import(name[level:], package, level)
           ~~~~~~~~~~~~~~~~~~~~~~^^^^^^^^^^^^^^^^^^^^^^^^^^^^^^
  File "<frozen importlib._bootstrap>", line 1398, in _gcd_import
  File "<frozen importlib._bootstrap>", line 1371, in _find_and_load
  File "<frozen importlib._bootstrap>", line 1314, in _find_and_load_unlocked
  File "<frozen importlib._bootstrap>", line 491, in _call_with_frames_removed
  File "<frozen importlib._bootstrap>", line 1398, in _gcd_import
  File "<frozen importlib._bootstrap>", line 1371, in _find_and_load
  File "<frozen importlib._bootstrap>", line 1335, in _find_and_load_unlocked
ModuleNotFoundError: No module named 'whitenoise'

======================================================================
ERROR: test_checkout_invalid_file_extension (shop.tests.ShopTests.test_checkout_invalid_file_extension)
----------------------------------------------------------------------
Traceback (most recent call last):
  File "D:\Projects\Art-Scape\shop\tests.py", line 224, in test_checkout_invalid_file_extension
    response = self.client.post(reverse('checkout'), {
        'name': 'Test User',
    ...<3 lines>...
        'custom_voice': malicious_file
    })
  File "C:\Users\Anup\AppData\Local\Programs\Python\Python314\Lib\site-packages\django\test\client.py", line 1156, in post
    response = super().post(
        path,
    ...<5 lines>...
        **extra,
    )
  File "C:\Users\Anup\AppData\Local\Programs\Python\Python314\Lib\site-packages\django\test\client.py", line 499, in post
    return self.generic(
           ~~~~~~~~~~~~^
        "POST",
        ^^^^^^^
    ...<6 lines>...
        **extra,
        ^^^^^^^^
    )
    ^
  File "C:\Users\Anup\AppData\Local\Programs\Python\Python314\Lib\site-packages\django\test\client.py", line 671, in generic
    return self.request(**r)
           ~~~~~~~~~~~~^^^^^
  File "C:\Users\Anup\AppData\Local\Programs\Python\Python314\Lib\site-packages\django\test\client.py", line 1085, in request
    response = self.handler(environ)
  File "C:\Users\Anup\AppData\Local\Programs\Python\Python314\Lib\site-packages\django\test\client.py", line 173, in __call__
    self.load_middleware()
    ~~~~~~~~~~~~~~~~~~~~^^
  File "C:\Users\Anup\AppData\Local\Programs\Python\Python314\Lib\site-packages\django\core\handlers\base.py", line 41, in load_middleware
    middleware = import_string(middleware_path)
  File "C:\Users\Anup\AppData\Local\Programs\Python\Python314\Lib\site-packages\django\utils\module_loading.py", line 30, in import_string
    return cached_import(module_path, class_name)
  File "C:\Users\Anup\AppData\Local\Programs\Python\Python314\Lib\site-packages\django\utils\module_loading.py", line 15, in cached_import
    module = import_module(module_path)
  File "C:\Users\Anup\AppData\Local\Programs\Python\Python314\Lib\importlib\__init__.py", line 88, in import_module
    return _bootstrap._gcd_import(name[level:], package, level)
           ~~~~~~~~~~~~~~~~~~~~~~^^^^^^^^^^^^^^^^^^^^^^^^^^^^^^
  File "<frozen importlib._bootstrap>", line 1398, in _gcd_import
  File "<frozen importlib._bootstrap>", line 1371, in _find_and_load
  File "<frozen importlib._bootstrap>", line 1314, in _find_and_load_unlocked
  File "<frozen importlib._bootstrap>", line 491, in _call_with_frames_removed
  File "<frozen importlib._bootstrap>", line 1398, in _gcd_import
  File "<frozen importlib._bootstrap>", line 1371, in _find_and_load
  File "<frozen importlib._bootstrap>", line 1335, in _find_and_load_unlocked
ModuleNotFoundError: No module named 'whitenoise'

======================================================================
ERROR: test_home_view (shop.tests.ShopTests.test_home_view)
----------------------------------------------------------------------
Traceback (most recent call last):
  File "D:\Projects\Art-Scape\shop\tests.py", line 36, in test_home_view
    response = self.client.get(reverse('home'))
  File "C:\Users\Anup\AppData\Local\Programs\Python\Python314\Lib\site-packages\django\test\client.py", line 1127, in get
    response = super().get(
        path,
    ...<4 lines>...
        **extra,
    )
  File "C:\Users\Anup\AppData\Local\Programs\Python\Python314\Lib\site-packages\django\test\client.py", line 475, in get
    return self.generic(
           ~~~~~~~~~~~~^
        "GET",
        ^^^^^^
    ...<4 lines>...
        **extra,
        ^^^^^^^^
    )
    ^
  File "C:\Users\Anup\AppData\Local\Programs\Python\Python314\Lib\site-packages\django\test\client.py", line 671, in generic
    return self.request(**r)
           ~~~~~~~~~~~~^^^^^
  File "C:\Users\Anup\AppData\Local\Programs\Python\Python314\Lib\site-packages\django\test\client.py", line 1085, in request
    response = self.handler(environ)
  File "C:\Users\Anup\AppData\Local\Programs\Python\Python314\Lib\site-packages\django\test\client.py", line 173, in __call__
    self.load_middleware()
    ~~~~~~~~~~~~~~~~~~~~^^
  File "C:\Users\Anup\AppData\Local\Programs\Python\Python314\Lib\site-packages\django\core\handlers\base.py", line 41, in load_middleware
    middleware = import_string(middleware_path)
  File "C:\Users\Anup\AppData\Local\Programs\Python\Python314\Lib\site-packages\django\utils\module_loading.py", line 30, in import_string
    return cached_import(module_path, class_name)
  File "C:\Users\Anup\AppData\Local\Programs\Python\Python314\Lib\site-packages\django\utils\module_loading.py", line 15, in cached_import
    module = import_module(module_path)
  File "C:\Users\Anup\AppData\Local\Programs\Python\Python314\Lib\importlib\__init__.py", line 88, in import_module
    return _bootstrap._gcd_import(name[level:], package, level)
           ~~~~~~~~~~~~~~~~~~~~~~^^^^^^^^^^^^^^^^^^^^^^^^^^^^^^
  File "<frozen importlib._bootstrap>", line 1398, in _gcd_import
  File "<frozen importlib._bootstrap>", line 1371, in _find_and_load
  File "<frozen importlib._bootstrap>", line 1314, in _find_and_load_unlocked
  File "<frozen importlib._bootstrap>", line 491, in _call_with_frames_removed
  File "<frozen importlib._bootstrap>", line 1398, in _gcd_import
  File "<frozen importlib._bootstrap>", line 1371, in _find_and_load
  File "<frozen importlib._bootstrap>", line 1335, in _find_and_load_unlocked
ModuleNotFoundError: No module named 'whitenoise'

======================================================================
ERROR: test_payment_verify_mock_disabled_in_production (shop.tests.ShopTests.test_payment_verify_mock_disabled_in_production)
----------------------------------------------------------------------
Traceback (most recent call last):
  File "D:\Projects\Art-Scape\shop\tests.py", line 129, in test_payment_verify_mock_disabled_in_production
    response = self.client.post(reverse('payment_verify'), {
        'local_order_id': order.id,
        'is_mock': 'true'
    })
  File "C:\Users\Anup\AppData\Local\Programs\Python\Python314\Lib\site-packages\django\test\client.py", line 1156, in post
    response = super().post(
        path,
    ...<5 lines>...
        **extra,
    )
  File "C:\Users\Anup\AppData\Local\Programs\Python\Python314\Lib\site-packages\django\test\client.py", line 499, in post
    return self.generic(
           ~~~~~~~~~~~~^
        "POST",
        ^^^^^^^
    ...<6 lines>...
        **extra,
        ^^^^^^^^
    )
    ^
  File "C:\Users\Anup\AppData\Local\Programs\Python\Python314\Lib\site-packages\django\test\client.py", line 671, in generic
    return self.request(**r)
           ~~~~~~~~~~~~^^^^^
  File "C:\Users\Anup\AppData\Local\Programs\Python\Python314\Lib\site-packages\django\test\client.py", line 1085, in request
    response = self.handler(environ)
  File "C:\Users\Anup\AppData\Local\Programs\Python\Python314\Lib\site-packages\django\test\client.py", line 173, in __call__
    self.load_middleware()
    ~~~~~~~~~~~~~~~~~~~~^^
  File "C:\Users\Anup\AppData\Local\Programs\Python\Python314\Lib\site-packages\django\core\handlers\base.py", line 41, in load_middleware
    middleware = import_string(middleware_path)
  File "C:\Users\Anup\AppData\Local\Programs\Python\Python314\Lib\site-packages\django\utils\module_loading.py", line 30, in import_string
    return cached_import(module_path, class_name)
  File "C:\Users\Anup\AppData\Local\Programs\Python\Python314\Lib\site-packages\django\utils\module_loading.py", line 15, in cached_import
    module = import_module(module_path)
  File "C:\Users\Anup\AppData\Local\Programs\Python\Python314\Lib\importlib\__init__.py", line 88, in import_module
    return _bootstrap._gcd_import(name[level:], package, level)
           ~~~~~~~~~~~~~~~~~~~~~~^^^^^^^^^^^^^^^^^^^^^^^^^^^^^^
  File "<frozen importlib._bootstrap>", line 1398, in _gcd_import
  File "<frozen importlib._bootstrap>", line 1371, in _find_and_load
  File "<frozen importlib._bootstrap>", line 1314, in _find_and_load_unlocked
  File "<frozen importlib._bootstrap>", line 491, in _call_with_frames_removed
  File "<frozen importlib._bootstrap>", line 1398, in _gcd_import
  File "<frozen importlib._bootstrap>", line 1371, in _find_and_load
  File "<frozen importlib._bootstrap>", line 1335, in _find_and_load_unlocked
ModuleNotFoundError: No module named 'whitenoise'

======================================================================
ERROR: test_payment_verify_unauthorized_user (shop.tests.ShopTests.test_payment_verify_unauthorized_user)
----------------------------------------------------------------------
Traceback (most recent call last):
  File "D:\Projects\Art-Scape\shop\tests.py", line 107, in test_payment_verify_unauthorized_user
    response = self.client.post(reverse('payment_verify'), {
        'local_order_id': order.id,
        'is_mock': 'true'
    })
  File "C:\Users\Anup\AppData\Local\Programs\Python\Python314\Lib\site-packages\django\test\client.py", line 1156, in post
    response = super().post(
        path,
    ...<5 lines>...
        **extra,
    )
  File "C:\Users\Anup\AppData\Local\Programs\Python\Python314\Lib\site-packages\django\test\client.py", line 499, in post
    return self.generic(
           ~~~~~~~~~~~~^
        "POST",
        ^^^^^^^
    ...<6 lines>...
        **extra,
        ^^^^^^^^
    )
    ^
  File "C:\Users\Anup\AppData\Local\Programs\Python\Python314\Lib\site-packages\django\test\client.py", line 671, in generic
    return self.request(**r)
           ~~~~~~~~~~~~^^^^^
  File "C:\Users\Anup\AppData\Local\Programs\Python\Python314\Lib\site-packages\django\test\client.py", line 1085, in request
    response = self.handler(environ)
  File "C:\Users\Anup\AppData\Local\Programs\Python\Python314\Lib\site-packages\django\test\client.py", line 173, in __call__
    self.load_middleware()
    ~~~~~~~~~~~~~~~~~~~~^^
  File "C:\Users\Anup\AppData\Local\Programs\Python\Python314\Lib\site-packages\django\core\handlers\base.py", line 41, in load_middleware
    middleware = import_string(middleware_path)
  File "C:\Users\Anup\AppData\Local\Programs\Python\Python314\Lib\site-packages\django\utils\module_loading.py", line 30, in import_string
    return cached_import(module_path, class_name)
  File "C:\Users\Anup\AppData\Local\Programs\Python\Python314\Lib\site-packages\django\utils\module_loading.py", line 15, in cached_import
    module = import_module(module_path)
  File "C:\Users\Anup\AppData\Local\Programs\Python\Python314\Lib\importlib\__init__.py", line 88, in import_module
    return _bootstrap._gcd_import(name[level:], package, level)
           ~~~~~~~~~~~~~~~~~~~~~~^^^^^^^^^^^^^^^^^^^^^^^^^^^^^^
  File "<frozen importlib._bootstrap>", line 1398, in _gcd_import
  File "<frozen importlib._bootstrap>", line 1371, in _find_and_load
  File "<frozen importlib._bootstrap>", line 1314, in _find_and_load_unlocked
  File "<frozen importlib._bootstrap>", line 491, in _call_with_frames_removed
  File "<frozen importlib._bootstrap>", line 1398, in _gcd_import
  File "<frozen importlib._bootstrap>", line 1371, in _find_and_load
  File "<frozen importlib._bootstrap>", line 1335, in _find_and_load_unlocked
ModuleNotFoundError: No module named 'whitenoise'

======================================================================
ERROR: test_payment_verify_upi_invalid_utr (shop.tests.ShopTests.test_payment_verify_upi_invalid_utr)
----------------------------------------------------------------------
Traceback (most recent call last):
  File "D:\Projects\Art-Scape\shop\tests.py", line 171, in test_payment_verify_upi_invalid_utr
    response = self.client.post(reverse('payment_verify'), {
        'local_order_id': order.id,
        'upi_transaction_id': '1'  # Too short
    })
  File "C:\Users\Anup\AppData\Local\Programs\Python\Python314\Lib\site-packages\django\test\client.py", line 1156, in post
    response = super().post(
        path,
    ...<5 lines>...
        **extra,
    )
  File "C:\Users\Anup\AppData\Local\Programs\Python\Python314\Lib\site-packages\django\test\client.py", line 499, in post
    return self.generic(
           ~~~~~~~~~~~~^
        "POST",
        ^^^^^^^
    ...<6 lines>...
        **extra,
        ^^^^^^^^
    )
    ^
  File "C:\Users\Anup\AppData\Local\Programs\Python\Python314\Lib\site-packages\django\test\client.py", line 671, in generic
    return self.request(**r)
           ~~~~~~~~~~~~^^^^^
  File "C:\Users\Anup\AppData\Local\Programs\Python\Python314\Lib\site-packages\django\test\client.py", line 1085, in request
    response = self.handler(environ)
  File "C:\Users\Anup\AppData\Local\Programs\Python\Python314\Lib\site-packages\django\test\client.py", line 173, in __call__
    self.load_middleware()
    ~~~~~~~~~~~~~~~~~~~~^^
  File "C:\Users\Anup\AppData\Local\Programs\Python\Python314\Lib\site-packages\django\core\handlers\base.py", line 41, in load_middleware
    middleware = import_string(middleware_path)
  File "C:\Users\Anup\AppData\Local\Programs\Python\Python314\Lib\site-packages\django\utils\module_loading.py", line 30, in import_string
    return cached_import(module_path, class_name)
  File "C:\Users\Anup\AppData\Local\Programs\Python\Python314\Lib\site-packages\django\utils\module_loading.py", line 15, in cached_import
    module = import_module(module_path)
  File "C:\Users\Anup\AppData\Local\Programs\Python\Python314\Lib\importlib\__init__.py", line 88, in import_module
    return _bootstrap._gcd_import(name[level:], package, level)
           ~~~~~~~~~~~~~~~~~~~~~~^^^^^^^^^^^^^^^^^^^^^^^^^^^^^^
  File "<frozen importlib._bootstrap>", line 1398, in _gcd_import
  File "<frozen importlib._bootstrap>", line 1371, in _find_and_load
  File "<frozen importlib._bootstrap>", line 1314, in _find_and_load_unlocked
  File "<frozen importlib._bootstrap>", line 491, in _call_with_frames_removed
  File "<frozen importlib._bootstrap>", line 1398, in _gcd_import
  File "<frozen importlib._bootstrap>", line 1371, in _find_and_load
  File "<frozen importlib._bootstrap>", line 1335, in _find_and_load_unlocked
ModuleNotFoundError: No module named 'whitenoise'

======================================================================
ERROR: test_payment_verify_upi_valid_utr (shop.tests.ShopTests.test_payment_verify_upi_valid_utr)
----------------------------------------------------------------------
Traceback (most recent call last):
  File "D:\Projects\Art-Scape\shop\tests.py", line 148, in test_payment_verify_upi_valid_utr
    response = self.client.post(reverse('payment_verify'), {
        'local_order_id': order.id,
        'upi_transaction_id': 'ABC123456789'
    })
  File "C:\Users\Anup\AppData\Local\Programs\Python\Python314\Lib\site-packages\django\test\client.py", line 1156, in post
    response = super().post(
        path,
    ...<5 lines>...
        **extra,
    )
  File "C:\Users\Anup\AppData\Local\Programs\Python\Python314\Lib\site-packages\django\test\client.py", line 499, in post
    return self.generic(
           ~~~~~~~~~~~~^
        "POST",
        ^^^^^^^
    ...<6 lines>...
        **extra,
        ^^^^^^^^
    )
    ^
  File "C:\Users\Anup\AppData\Local\Programs\Python\Python314\Lib\site-packages\django\test\client.py", line 671, in generic
    return self.request(**r)
           ~~~~~~~~~~~~^^^^^
  File "C:\Users\Anup\AppData\Local\Programs\Python\Python314\Lib\site-packages\django\test\client.py", line 1085, in request
    response = self.handler(environ)
  File "C:\Users\Anup\AppData\Local\Programs\Python\Python314\Lib\site-packages\django\test\client.py", line 173, in __call__
    self.load_middleware()
    ~~~~~~~~~~~~~~~~~~~~^^
  File "C:\Users\Anup\AppData\Local\Programs\Python\Python314\Lib\site-packages\django\core\handlers\base.py", line 41, in load_middleware
    middleware = import_string(middleware_path)
  File "C:\Users\Anup\AppData\Local\Programs\Python\Python314\Lib\site-packages\django\utils\module_loading.py", line 30, in import_string
    return cached_import(module_path, class_name)
  File "C:\Users\Anup\AppData\Local\Programs\Python\Python314\Lib\site-packages\django\utils\module_loading.py", line 15, in cached_import
    module = import_module(module_path)
  File "C:\Users\Anup\AppData\Local\Programs\Python\Python314\Lib\importlib\__init__.py", line 88, in import_module
    return _bootstrap._gcd_import(name[level:], package, level)
           ~~~~~~~~~~~~~~~~~~~~~~^^^^^^^^^^^^^^^^^^^^^^^^^^^^^^
  File "<frozen importlib._bootstrap>", line 1398, in _gcd_import
  File "<frozen importlib._bootstrap>", line 1371, in _find_and_load
  File "<frozen importlib._bootstrap>", line 1314, in _find_and_load_unlocked
  File "<frozen importlib._bootstrap>", line 491, in _call_with_frames_removed
  File "<frozen importlib._bootstrap>", line 1398, in _gcd_import
  File "<frozen importlib._bootstrap>", line 1371, in _find_and_load
  File "<frozen importlib._bootstrap>", line 1335, in _find_and_load_unlocked
ModuleNotFoundError: No module named 'whitenoise'

======================================================================
ERROR: test_product_detail_view (shop.tests.ShopTests.test_product_detail_view)
----------------------------------------------------------------------
Traceback (most recent call last):
  File "D:\Projects\Art-Scape\shop\tests.py", line 50, in test_product_detail_view
    response = self.client.get(reverse('product_detail', args=[self.product1.id]))
  File "C:\Users\Anup\AppData\Local\Programs\Python\Python314\Lib\site-packages\django\test\client.py", line 1127, in get
    response = super().get(
        path,
    ...<4 lines>...
        **extra,
    )
  File "C:\Users\Anup\AppData\Local\Programs\Python\Python314\Lib\site-packages\django\test\client.py", line 475, in get
    return self.generic(
           ~~~~~~~~~~~~^
        "GET",
        ^^^^^^
    ...<4 lines>...
        **extra,
        ^^^^^^^^
    )
    ^
  File "C:\Users\Anup\AppData\Local\Programs\Python\Python314\Lib\site-packages\django\test\client.py", line 671, in generic
    return self.request(**r)
           ~~~~~~~~~~~~^^^^^
  File "C:\Users\Anup\AppData\Local\Programs\Python\Python314\Lib\site-packages\django\test\client.py", line 1085, in request
    response = self.handler(environ)
  File "C:\Users\Anup\AppData\Local\Programs\Python\Python314\Lib\site-packages\django\test\client.py", line 173, in __call__
    self.load_middleware()
    ~~~~~~~~~~~~~~~~~~~~^^
  File "C:\Users\Anup\AppData\Local\Programs\Python\Python314\Lib\site-packages\django\core\handlers\base.py", line 41, in load_middleware
    middleware = import_string(middleware_path)
  File "C:\Users\Anup\AppData\Local\Programs\Python\Python314\Lib\site-packages\django\utils\module_loading.py", line 30, in import_string
    return cached_import(module_path, class_name)
  File "C:\Users\Anup\AppData\Local\Programs\Python\Python314\Lib\site-packages\django\utils\module_loading.py", line 15, in cached_import
    module = import_module(module_path)
  File "C:\Users\Anup\AppData\Local\Programs\Python\Python314\Lib\importlib\__init__.py", line 88, in import_module
    return _bootstrap._gcd_import(name[level:], package, level)
           ~~~~~~~~~~~~~~~~~~~~~~^^^^^^^^^^^^^^^^^^^^^^^^^^^^^^
  File "<frozen importlib._bootstrap>", line 1398, in _gcd_import
  File "<frozen importlib._bootstrap>", line 1371, in _find_and_load
  File "<frozen importlib._bootstrap>", line 1314, in _find_and_load_unlocked
  File "<frozen importlib._bootstrap>", line 491, in _call_with_frames_removed
  File "<frozen importlib._bootstrap>", line 1398, in _gcd_import
  File "<frozen importlib._bootstrap>", line 1371, in _find_and_load
  File "<frozen importlib._bootstrap>", line 1335, in _find_and_load_unlocked
ModuleNotFoundError: No module named 'whitenoise'

----------------------------------------------------------------------
Ran 11 tests in 18.504s

FAILED (errors=11)
Destroying test database for alias 'default'...
Found 11 test(s).
System check identified no issues (0 silenced).
